// Jest Snapshot v1, https://goo.gl/fbAQLP

exports[`Testing milkyway screen test render flatlist 1`] = `
<View
  style={
    Object {
      "backgroundColor": "#fff",
      "flex": 1,
    }
  }
>
  <RCTScrollView
    data={Array []}
    getItem={[Function]}
    getItemCount={[Function]}
    invertStickyHeaders={true}
    inverted={true}
    keyExtractor={[Function]}
    onContentSizeChange={[Function]}
    onLayout={[Function]}
    onMomentumScrollBegin={[Function]}
    onMomentumScrollEnd={[Function]}
    onScroll={[Function]}
    onScrollBeginDrag={[Function]}
    onScrollEndDrag={[Function]}
    removeClippedSubviews={false}
    renderItem={[Function]}
    scrollEventThrottle={50}
    stickyHeaderIndices={Array []}
    style={
      Array [
        Object {
          "transform": Array [
            Object {
              "scaleY": -1,
            },
          ],
        },
        undefined,
      ]
    }
    testID="messageList"
    viewabilityConfigCallbackPairs={Array []}
  >
    <View />
  </RCTScrollView>
  <View
    onLayout={[Function]}
    style={
      Array [
        Object {
          "flexDirection": "row",
        },
        Object {
          "paddingBottom": 0,
        },
      ]
    }
  >
    <View
      style={
        Object {
          "alignItems": "center",
          "backgroundColor": "#f2f2f2",
          "borderColor": "#dedede",
          "borderRadius": 25,
          "borderWidth": 1,
          "flex": 1,
          "flexDirection": "row",
          "justifyContent": "center",
          "marginRight": 10,
          "padding": 8,
        }
      }
    >
      <Text
        allowFontScaling={false}
        selectable={false}
        style={
          Array [
            Object {
              "color": undefined,
              "fontSize": 20,
            },
            Object {
              "marginHorizontal": 5,
            },
            Object {
              "fontFamily": "simple-line-icons",
              "fontStyle": "normal",
              "fontWeight": "normal",
            },
            Object {},
          ]
        }
      >
        
      </Text>
      <TextInput
        clearButtonMode="always"
        onChangeText={[Function]}
        placeholder="Aa"
        style={
          Object {
            "flex": 1,
          }
        }
        value=""
      />
    </View>
    <View
      accessible={true}
      collapsable={false}
      focusable={true}
      onBlur={[Function]}
      onClick={[Function]}
      onFocus={[Function]}
      onResponderGrant={[Function]}
      onResponderMove={[Function]}
      onResponderRelease={[Function]}
      onResponderTerminate={[Function]}
      onResponderTerminationRequest={[Function]}
      onStartShouldSetResponder={[Function]}
      style={
        Object {
          "alignItems": "center",
          "backgroundColor": "#3777f0",
          "borderRadius": 25,
          "height": 45,
          "justifyContent": "center",
          "width": 45,
        }
      }
      testID="sendMessageBtn"
    >
      <Text
        allowFontScaling={false}
        selectable={false}
        style={
          Array [
            Object {
              "color": "#fff",
              "fontSize": 18,
            },
            undefined,
            Object {
              "fontFamily": "Ionicons",
              "fontStyle": "normal",
              "fontWeight": "normal",
            },
            Object {},
          ]
        }
      >
        
      </Text>
    </View>
  </View>
</View>
`;
